// Jest Snapshot v1, https://goo.gl/fbAQLP

exports[`test ItemsList component renders correctly 1`] = `
"<div className=\\"ItemsList\\">
  <testItem content={{...}} history={{...}} />
</div>"
`;
