// Jest Snapshot v1, https://goo.gl/fbAQLP

exports[`test Footer component renders correctly 1`] = `
"<div className=\\"Footer\\">
  <div className=\\"Footer__logo\\" />
  <NavBar />
  <div className=\\"Footer__copyright\\">
    Â© 2016-2017 LEMON ALL RIGHT RESERVED
  </div>
</div>"
`;
