// Jest Snapshot v1, https://goo.gl/fbAQLP

exports[`test SearchBar component renders correctly 1`] = `
"<Provider store={{...}}>
  <Connect(SearchBar) dispatch={[Function: dispatch]} history={{...}} location={{...}}>
    <SearchBar dispatch={[Function: dispatch]} history={{...}} location={{...}}>
      <div className=\\"SearchBar\\">
        <input className=\\"SearchBar__input\\" onBlur={[Function: bound onBlur]} onChange={[Function: bound handleChange]} type=\\"text\\" value=\\"\\" />
        <div className=\\"SearchBar__placeholder\\">
          <FontAwesomeIcon icon={{...}} border={false} className=\\"\\" mask={{...}} fixedWidth={false} inverse={false} flip={{...}} listItem={false} pull={{...}} pulse={false} rotation={{...}} size={{...}} spin={false} symbol={false} transform={{...}}>
            <svg aria-hidden=\\"true\\" data-prefix=\\"fas\\" data-icon=\\"search\\" className=\\"svg-inline--fa fa-search fa-w-16 \\" role=\\"img\\" xmlns=\\"http://www.w3.org/2000/svg\\" viewBox=\\"0 0 512 512\\" style={{...}}>
              <path fill=\\"currentColor\\" d=\\"M505 442.7L405.3 343c-4.5-4.5-10.6-7-17-7H372c27.6-35.3 44-79.7 44-128C416 93.1 322.9 0 208 0S0 93.1 0 208s93.1 208 208 208c48.3 0 92.7-16.4 128-44v16.3c0 6.4 2.5 12.5 7 17l99.7 99.7c9.4 9.4 24.6 9.4 33.9 0l28.3-28.3c9.4-9.4 9.4-24.6.1-34zM208 336c-70.7 0-128-57.2-128-128 0-70.7 57.2-128 128-128 70.7 0 128 57.2 128 128 0 70.7-57.2 128-128 128z\\" style={{...}} />
            </svg>
          </FontAwesomeIcon>
           
          FIND A RECIPE
        </div>
      </div>
    </SearchBar>
  </Connect(SearchBar)>
</Provider>"
`;
