// Jest Snapshot v1, https://goo.gl/fbAQLP

exports[`test Comment component renders correctly 1`] = `
"<div className=\\"Comment\\">
  <div className=\\"Comment__user-info\\">
    <div className=\\"Comment__avatar\\" />
    <div className=\\"Comment__info\\">
      post by
      <div className=\\"Comment__user-name\\" />
      <div className=\\"Comment__date\\" />
    </div>
    <div className=\\"Comment__likes\\">
      <FontAwesomeIcon icon={{...}} border={false} className=\\"\\" mask={{...}} fixedWidth={false} inverse={false} flip={{...}} listItem={false} pull={{...}} pulse={false} rotation={{...}} size={{...}} spin={false} symbol={false} transform={{...}} />
    </div>
  </div>
  <div className=\\"Comment__text\\" />
</div>"
`;
