// Jest Snapshot v1, https://goo.gl/fbAQLP

exports[`test Banner component renders correctly 1`] = `
"<div className=\\"Banner\\" style={{...}}>
  <div className=\\"Banner__content\\">
    <div className=\\"Banner__logo\\" />
    <div className=\\"Banner__name\\">
      Bananas Foster Ice Cream Cake
    </div>
    <div className=\\"Banner__description\\">
      If you&#39;re looking for decadence, look no 
          further - you&#39;ve found the Hole Grail of desserts.
          Honestly this cake makes us wonder why Bananas Foster
          hasn&#39;t always been served on top of ice cream cake
    </div>
    <div className=\\"Banner__button\\">
      GET IT RECIPE
    </div>
  </div>
  <div className=\\"Banner__change-menu\\">
    <div className=\\"Banner__circle\\" />
    <div className=\\"Banner__circle\\" />
    <div className=\\"Banner__circle\\" />
    <div className=\\"Banner__circle\\" />
    <div className=\\"Banner__circle\\" />
  </div>
</div>"
`;
