// Jest Snapshot v1, https://goo.gl/fbAQLP

exports[`test Item component renders correctly 1`] = `
"<div className=\\"Item\\">
  <img alt=\\"test\\" src=\\"\\" />
  <div className=\\"Item__description\\">
    <div className=\\"Item__name\\">
      test
    </div>
    <div className=\\"Item__stats\\">
      <FontAwesomeIcon icon={{...}} border={false} className=\\"\\" mask={{...}} fixedWidth={false} inverse={false} flip={{...}} listItem={false} pull={{...}} pulse={false} rotation={{...}} size={{...}} spin={false} symbol={false} transform={{...}} />
       mins |
       
      <FontAwesomeIcon icon={{...}} border={false} className=\\"\\" mask={{...}} fixedWidth={false} inverse={false} flip={{...}} listItem={false} pull={{...}} pulse={false} rotation={{...}} size={{...}} spin={false} symbol={false} transform={{...}} />
      <FontAwesomeIcon icon={{...}} border={false} className=\\"\\" mask={{...}} fixedWidth={false} inverse={false} flip={{...}} listItem={false} pull={{...}} pulse={false} rotation={{...}} size={{...}} spin={false} symbol={false} transform={{...}} />
    </div>
  </div>
</div>"
`;
